0 verbose cli /data/data/com.termux/files/usr/bin/node /data/data/com.termux/files/usr/bin/npm
1 info using npm@11.11.0
2 info using node@v25.3.0
3 silly config load:file:/data/data/com.termux/files/usr/lib/node_modules/npm/npmrc
4 silly config load:file:/data/data/com.termux/files/home/.npmrc
5 silly config load:file:/data/data/com.termux/files/usr/etc/npmrc
6 verbose title npm install localtunnel
7 verbose argv "install" "--global" "localtunnel"
8 verbose logfile logs-max:10 dir:/data/data/com.termux/files/home/.npm/_logs/2026-03-03T01_07_42_106Z-
9 verbose logfile /data/data/com.termux/files/home/.npm/_logs/2026-03-03T01_07_42_106Z-debug-0.log
10 silly packumentCache heap:1074528256 maxSize:268632064 maxEntrySize:134316032
11 silly logfile start cleaning logs, removing 1 files
12 silly logfile done cleaning log files
13 silly idealTree buildDeps
14 silly fetch manifest localtunnel@*
15 silly packumentCache full:https://registry.npmjs.org/localtunnel cache-miss
16 http fetch GET 200 https://registry.npmjs.org/npm 526ms
17 http fetch GET 200 https://registry.npmjs.org/localtunnel 589ms (cache revalidated)
18 silly packumentCache full:https://registry.npmjs.org/localtunnel set size:55691 disposed:false
19 silly placeDep ROOT localtunnel@2.0.2 OK for:  want: *
20 silly fetch manifest axios@0.21.4
21 silly packumentCache full:https://registry.npmjs.org/axios cache-miss
22 silly fetch manifest debug@4.3.2
23 silly packumentCache full:https://registry.npmjs.org/debug cache-miss
24 silly fetch manifest openurl@1.1.1
25 silly packumentCache full:https://registry.npmjs.org/openurl cache-miss
26 silly fetch manifest yargs@17.1.1
27 silly packumentCache full:https://registry.npmjs.org/yargs cache-miss
28 http fetch GET 200 https://registry.npmjs.org/debug 130ms (cache revalidated)
29 silly packumentCache full:https://registry.npmjs.org/debug set size:195840 disposed:false
30 http fetch GET 200 https://registry.npmjs.org/axios 157ms (cache revalidated)
31 silly packumentCache full:https://registry.npmjs.org/axios set size:770295 disposed:false
32 http fetch GET 200 https://registry.npmjs.org/yargs 356ms (cache revalidated)
33 silly packumentCache full:https://registry.npmjs.org/yargs set size:743056 disposed:false
34 http fetch GET 200 https://registry.npmjs.org/openurl 646ms (cache revalidated)
35 silly packumentCache full:https://registry.npmjs.org/openurl set size:7634 disposed:false
36 silly placeDep node_modules/localtunnel axios@0.21.4 OK for: localtunnel@2.0.2 want: 0.21.4
37 silly placeDep node_modules/localtunnel debug@4.3.2 OK for: localtunnel@2.0.2 want: 4.3.2
38 silly placeDep node_modules/localtunnel openurl@1.1.1 OK for: localtunnel@2.0.2 want: 1.1.1
39 silly placeDep node_modules/localtunnel yargs@17.1.1 OK for: localtunnel@2.0.2 want: 17.1.1
40 silly fetch manifest follow-redirects@^1.14.0
41 silly packumentCache full:https://registry.npmjs.org/follow-redirects cache-miss
42 silly fetch manifest ms@2.1.2
43 silly packumentCache full:https://registry.npmjs.org/ms cache-miss
44 silly fetch manifest y18n@^5.0.5
45 silly packumentCache full:https://registry.npmjs.org/y18n cache-miss
46 silly fetch manifest cliui@^7.0.2
47 silly packumentCache full:https://registry.npmjs.org/cliui cache-miss
48 silly fetch manifest escalade@^3.1.1
49 silly packumentCache full:https://registry.npmjs.org/escalade cache-miss
50 silly fetch manifest string-width@^4.2.0
51 silly packumentCache full:https://registry.npmjs.org/string-width cache-miss
52 silly fetch manifest yargs-parser@^20.2.2
53 silly packumentCache full:https://registry.npmjs.org/yargs-parser cache-miss
54 http fetch GET 200 https://registry.npmjs.org/y18n 163ms (cache revalidated)
55 silly packumentCache full:https://registry.npmjs.org/y18n set size:76155 disposed:false
56 silly fetch manifest get-caller-file@^2.0.5
57 silly packumentCache full:https://registry.npmjs.org/get-caller-file cache-miss
58 http fetch GET 200 https://registry.npmjs.org/cliui 183ms (cache revalidated)
59 silly packumentCache full:https://registry.npmjs.org/cliui set size:69089 disposed:false
60 silly fetch manifest require-directory@^2.1.1
61 silly packumentCache full:https://registry.npmjs.org/require-directory cache-miss
62 http fetch GET 200 https://registry.npmjs.org/ms 206ms (cache revalidated)
63 silly packumentCache full:https://registry.npmjs.org/ms set size:92208 disposed:false
64 http fetch GET 200 https://registry.npmjs.org/follow-redirects 390ms (cache revalidated)
65 silly packumentCache full:https://registry.npmjs.org/follow-redirects set size:186700 disposed:false
66 http fetch GET 200 https://registry.npmjs.org/escalade 432ms (cache revalidated)
67 silly packumentCache full:https://registry.npmjs.org/escalade set size:33724 disposed:false
68 http fetch GET 200 https://registry.npmjs.org/yargs-parser 437ms (cache revalidated)
69 silly packumentCache full:https://registry.npmjs.org/yargs-parser set size:238630 disposed:false
70 http fetch GET 200 https://registry.npmjs.org/get-caller-file 302ms (cache revalidated)
71 silly packumentCache full:https://registry.npmjs.org/get-caller-file set size:26456 disposed:false
72 http fetch GET 200 https://registry.npmjs.org/require-directory 288ms (cache revalidated)
73 silly packumentCache full:https://registry.npmjs.org/require-directory set size:26866 disposed:false
74 http fetch GET 200 https://registry.npmjs.org/string-width 481ms (cache revalidated)
75 silly packumentCache full:https://registry.npmjs.org/string-width set size:68305 disposed:false
76 silly placeDep node_modules/localtunnel follow-redirects@1.15.11 OK for: axios@0.21.4 want: ^1.14.0
77 silly placeDep node_modules/localtunnel ms@2.1.2 OK for: debug@4.3.2 want: 2.1.2
78 silly placeDep node_modules/localtunnel cliui@7.0.4 OK for: yargs@17.1.1 want: ^7.0.2
79 silly placeDep node_modules/localtunnel escalade@3.2.0 OK for: yargs@17.1.1 want: ^3.1.1
80 silly placeDep node_modules/localtunnel get-caller-file@2.0.5 OK for: yargs@17.1.1 want: ^2.0.5
81 silly placeDep node_modules/localtunnel require-directory@2.1.1 OK for: yargs@17.1.1 want: ^2.1.1
82 silly placeDep node_modules/localtunnel string-width@4.2.3 OK for: yargs@17.1.1 want: ^4.2.0
83 silly placeDep node_modules/localtunnel y18n@5.0.8 OK for: yargs@17.1.1 want: ^5.0.5
84 silly placeDep node_modules/localtunnel yargs-parser@20.2.9 OK for: yargs@17.1.1 want: ^20.2.2
85 silly fetch manifest wrap-ansi@^7.0.0
86 silly packumentCache full:https://registry.npmjs.org/wrap-ansi cache-miss
87 silly fetch manifest strip-ansi@^6.0.0
88 silly packumentCache full:https://registry.npmjs.org/strip-ansi cache-miss
89 silly fetch manifest strip-ansi@^6.0.1
90 silly packumentCache full:https://registry.npmjs.org/strip-ansi cache-miss
91 silly fetch manifest emoji-regex@^8.0.0
92 silly packumentCache full:https://registry.npmjs.org/emoji-regex cache-miss
93 silly fetch manifest is-fullwidth-code-point@^3.0.0
94 silly packumentCache full:https://registry.npmjs.org/is-fullwidth-code-point cache-miss
95 http fetch GET 200 https://registry.npmjs.org/emoji-regex 101ms (cache revalidated)
96 silly packumentCache full:https://registry.npmjs.org/emoji-regex set size:89088 disposed:false
97 http fetch GET 200 https://registry.npmjs.org/strip-ansi 124ms (cache revalidated)
98 silly packumentCache full:https://registry.npmjs.org/strip-ansi set size:44998 disposed:false
99 http fetch GET 200 https://registry.npmjs.org/wrap-ansi 133ms (cache revalidated)
100 silly packumentCache full:https://registry.npmjs.org/wrap-ansi set size:55299 disposed:false
101 http fetch GET 200 https://registry.npmjs.org/strip-ansi 138ms (cache revalidated)
102 silly packumentCache full:https://registry.npmjs.org/strip-ansi set size:44998 disposed:false
103 silly packumentCache full:https://registry.npmjs.org/strip-ansi dispose
104 http fetch GET 200 https://registry.npmjs.org/is-fullwidth-code-point 144ms (cache revalidated)
105 silly packumentCache full:https://registry.npmjs.org/is-fullwidth-code-point set size:14578 disposed:false
106 silly placeDep node_modules/localtunnel strip-ansi@6.0.1 OK for: cliui@7.0.4 want: ^6.0.0
107 silly placeDep node_modules/localtunnel wrap-ansi@7.0.0 OK for: cliui@7.0.4 want: ^7.0.0
108 silly fetch manifest ansi-regex@^5.0.1
109 silly packumentCache full:https://registry.npmjs.org/ansi-regex cache-miss
110 silly fetch manifest ansi-styles@^4.0.0
111 silly packumentCache full:https://registry.npmjs.org/ansi-styles cache-miss
112 http fetch GET 200 https://registry.npmjs.org/ansi-styles 87ms (cache revalidated)
113 silly packumentCache full:https://registry.npmjs.org/ansi-styles set size:63233 disposed:false
114 http fetch GET 200 https://registry.npmjs.org/ansi-regex 102ms (cache revalidated)
115 silly packumentCache full:https://registry.npmjs.org/ansi-regex set size:43572 disposed:false
116 silly placeDep node_modules/localtunnel emoji-regex@8.0.0 OK for: string-width@4.2.3 want: ^8.0.0
117 silly placeDep node_modules/localtunnel is-fullwidth-code-point@3.0.0 OK for: string-width@4.2.3 want: ^3.0.0
118 silly placeDep node_modules/localtunnel ansi-regex@5.0.1 OK for: strip-ansi@6.0.1 want: ^5.0.1
119 silly placeDep node_modules/localtunnel ansi-styles@4.3.0 OK for: wrap-ansi@7.0.0 want: ^4.0.0
120 silly fetch manifest color-convert@^2.0.1
121 silly packumentCache full:https://registry.npmjs.org/color-convert cache-miss
122 http fetch GET 200 https://registry.npmjs.org/color-convert 87ms (cache revalidated)
123 silly packumentCache full:https://registry.npmjs.org/color-convert set size:72663 disposed:false
124 silly placeDep node_modules/localtunnel color-convert@2.0.1 OK for: ansi-styles@4.3.0 want: ^2.0.1
125 silly fetch manifest color-name@~1.1.4
126 silly packumentCache full:https://registry.npmjs.org/color-name cache-miss
127 http fetch GET 200 https://registry.npmjs.org/color-name 95ms (cache revalidated)
128 silly packumentCache full:https://registry.npmjs.org/color-name set size:19467 disposed:false
129 silly placeDep node_modules/localtunnel color-name@1.1.4 OK for: color-convert@2.0.1 want: ~1.1.4
130 silly reify mark retired [
130 silly reify   '/data/data/com.termux/files/usr/lib/node_modules/localtunnel',
130 silly reify   '/data/data/com.termux/files/usr/bin/lt'
130 silly reify ]
131 silly reify moves {
131 silly reify   '/data/data/com.termux/files/usr/lib/node_modules/localtunnel': '/data/data/com.termux/files/usr/lib/node_modules/.localtunnel-YXeLycx6',
131 silly reify   '/data/data/com.termux/files/usr/bin/lt': '/data/data/com.termux/files/usr/bin/.lt-CIZRqT1e'
131 silly reify }
132 http cache localtunnel@https://registry.npmjs.org/localtunnel/-/localtunnel-2.0.2.tgz 0ms (cache hit)
133 http cache yargs-parser@https://registry.npmjs.org/yargs-parser/-/yargs-parser-20.2.9.tgz 0ms (cache hit)
134 http cache y18n@https://registry.npmjs.org/y18n/-/y18n-5.0.8.tgz 0ms (cache hit)
135 http cache require-directory@https://registry.npmjs.org/require-directory/-/require-directory-2.1.1.tgz 0ms (cache hit)
136 http cache string-width@https://registry.npmjs.org/string-width/-/string-width-4.2.3.tgz 0ms (cache hit)
137 http cache strip-ansi@https://registry.npmjs.org/strip-ansi/-/strip-ansi-6.0.1.tgz 0ms (cache hit)
138 http cache openurl@https://registry.npmjs.org/openurl/-/openurl-1.1.1.tgz 0ms (cache hit)
139 http cache is-fullwidth-code-point@https://registry.npmjs.org/is-fullwidth-code-point/-/is-fullwidth-code-point-3.0.0.tgz 0ms (cache hit)
140 http cache ms@https://registry.npmjs.org/ms/-/ms-2.1.2.tgz 0ms (cache hit)
141 http cache get-caller-file@https://registry.npmjs.org/get-caller-file/-/get-caller-file-2.0.5.tgz 0ms (cache hit)
142 http cache follow-redirects@https://registry.npmjs.org/follow-redirects/-/follow-redirects-1.15.11.tgz 0ms (cache hit)
143 http cache escalade@https://registry.npmjs.org/escalade/-/escalade-3.2.0.tgz 0ms (cache hit)
144 http cache emoji-regex@https://registry.npmjs.org/emoji-regex/-/emoji-regex-8.0.0.tgz 1ms (cache hit)
145 http cache debug@https://registry.npmjs.org/debug/-/debug-4.3.2.tgz 0ms (cache hit)
146 http cache color-name@https://registry.npmjs.org/color-name/-/color-name-1.1.4.tgz 0ms (cache hit)
147 http cache yargs@https://registry.npmjs.org/yargs/-/yargs-17.1.1.tgz 0ms (cache hit)
148 http cache color-convert@https://registry.npmjs.org/color-convert/-/color-convert-2.0.1.tgz 0ms (cache hit)
149 http cache cliui@https://registry.npmjs.org/cliui/-/cliui-7.0.4.tgz 0ms (cache hit)
150 http cache ansi-regex@https://registry.npmjs.org/ansi-regex/-/ansi-regex-5.0.1.tgz 0ms (cache hit)
151 http cache ansi-styles@https://registry.npmjs.org/ansi-styles/-/ansi-styles-4.3.0.tgz 0ms (cache hit)
152 http cache axios@https://registry.npmjs.org/axios/-/axios-0.21.4.tgz 0ms (cache hit)
153 http cache wrap-ansi@https://registry.npmjs.org/wrap-ansi/-/wrap-ansi-7.0.0.tgz 0ms (cache hit)
154 silly CHANGE node_modules/localtunnel
155 silly CHANGE node_modules/localtunnel/node_modules/yargs-parser
156 silly CHANGE node_modules/localtunnel/node_modules/yargs
157 silly CHANGE node_modules/localtunnel/node_modules/y18n
158 silly CHANGE node_modules/localtunnel/node_modules/wrap-ansi
159 silly CHANGE node_modules/localtunnel/node_modules/strip-ansi
160 silly CHANGE node_modules/localtunnel/node_modules/string-width
161 silly CHANGE node_modules/localtunnel/node_modules/require-directory
162 silly CHANGE node_modules/localtunnel/node_modules/openurl
163 silly CHANGE node_modules/localtunnel/node_modules/ms
164 silly CHANGE node_modules/localtunnel/node_modules/is-fullwidth-code-point
165 silly CHANGE node_modules/localtunnel/node_modules/get-caller-file
166 silly CHANGE node_modules/localtunnel/node_modules/follow-redirects
167 silly CHANGE node_modules/localtunnel/node_modules/escalade
168 silly CHANGE node_modules/localtunnel/node_modules/emoji-regex
169 silly CHANGE node_modules/localtunnel/node_modules/debug
170 silly CHANGE node_modules/localtunnel/node_modules/color-name
171 silly CHANGE node_modules/localtunnel/node_modules/color-convert
172 silly CHANGE node_modules/localtunnel/node_modules/cliui
173 silly CHANGE node_modules/localtunnel/node_modules/axios
174 silly CHANGE node_modules/localtunnel/node_modules/ansi-regex
175 silly CHANGE node_modules/localtunnel/node_modules/ansi-styles
176 verbose cwd /data/data/com.termux/files/home
177 verbose os Linux 4.14.186-27270957
178 verbose node v25.3.0
179 verbose npm  v11.11.0
180 verbose exit 0
181 info ok
