0 verbose cli /data/data/com.termux/files/usr/bin/node /data/data/com.termux/files/usr/bin/npm
1 info using npm@11.17.0
2 info using node@v26.3.0
3 silly config load:file:/data/data/com.termux/files/usr/lib/node_modules/npm/npmrc
4 silly config load:file:/data/data/com.termux/files/home/.npmrc
5 silly config load:file:/data/data/com.termux/files/usr/etc/npmrc
6 verbose title npm install @railway/cli
7 verbose argv "install" "--global" "@railway/cli"
8 verbose logfile logs-max:10 dir:/data/data/com.termux/files/home/.npm/_logs/2026-07-08T13_43_07_849Z-
9 verbose logfile /data/data/com.termux/files/home/.npm/_logs/2026-07-08T13_43_07_849Z-debug-0.log
10 silly packumentCache heap:1074528256 maxSize:268632064 maxEntrySize:134316032
11 silly logfile start cleaning logs, removing 2 files
12 silly idealTree buildDeps
13 silly fetch manifest @railway/cli@*
14 silly packumentCache full:https://registry.npmjs.org/@railway%2fcli cache-miss
15 silly logfile done cleaning log files
16 http fetch GET 200 https://registry.npmjs.org/@railway%2fcli 802ms (cache updated)
17 silly packumentCache full:https://registry.npmjs.org/@railway%2fcli set size:undefined disposed:false
18 silly placeDep ROOT @railway/cli@5.25.1 OK for:  want: *
19 silly fetch manifest @napi-rs/triples@^1.1.0
20 silly packumentCache full:https://registry.npmjs.org/@napi-rs%2ftriples cache-miss
21 silly fetch manifest node-fetch@^3.1.0
22 silly packumentCache full:https://registry.npmjs.org/node-fetch cache-miss
23 silly fetch manifest tar@^6.1.11
24 silly packumentCache full:https://registry.npmjs.org/tar cache-miss
25 http fetch GET 200 https://registry.npmjs.org/node-fetch 152ms (cache revalidated)
26 silly packumentCache full:https://registry.npmjs.org/node-fetch set size:896010 disposed:false
27 http fetch GET 200 https://registry.npmjs.org/tar 310ms (cache revalidated)
28 silly packumentCache full:https://registry.npmjs.org/tar set size:571726 disposed:false
29 http fetch GET 200 https://registry.npmjs.org/@napi-rs%2ftriples 547ms (cache revalidated)
30 silly packumentCache full:https://registry.npmjs.org/@napi-rs%2ftriples set size:210107 disposed:false
31 silly placeDep node_modules/@railway/cli @napi-rs/triples@1.2.0 OK for: @railway/cli@5.25.1 want: ^1.1.0
32 silly placeDep node_modules/@railway/cli node-fetch@3.3.2 OK for: @railway/cli@5.25.1 want: ^3.1.0
33 silly placeDep node_modules/@railway/cli tar@6.2.1 OK for: @railway/cli@5.25.1 want: ^6.1.11
34 silly fetch manifest data-uri-to-buffer@^4.0.0
35 silly packumentCache full:https://registry.npmjs.org/data-uri-to-buffer cache-miss
36 silly fetch manifest fetch-blob@^3.1.4
37 silly packumentCache full:https://registry.npmjs.org/fetch-blob cache-miss
38 silly fetch manifest formdata-polyfill@^4.0.10
39 silly packumentCache full:https://registry.npmjs.org/formdata-polyfill cache-miss
40 silly fetch manifest chownr@^2.0.0
41 silly packumentCache full:https://registry.npmjs.org/chownr cache-miss
42 silly fetch manifest mkdirp@^1.0.3
43 silly packumentCache full:https://registry.npmjs.org/mkdirp cache-miss
44 silly fetch manifest yallist@^4.0.0
45 silly packumentCache full:https://registry.npmjs.org/yallist cache-miss
46 silly fetch manifest minipass@^5.0.0
47 silly packumentCache full:https://registry.npmjs.org/minipass cache-miss
48 http fetch GET 200 https://registry.npmjs.org/fetch-blob 154ms (cache revalidated)
49 silly packumentCache full:https://registry.npmjs.org/fetch-blob set size:73704 disposed:false
50 silly fetch manifest minizlib@^2.1.1
51 silly packumentCache full:https://registry.npmjs.org/minizlib cache-miss
52 http fetch GET 200 https://registry.npmjs.org/data-uri-to-buffer 180ms (cache revalidated)
53 silly packumentCache full:https://registry.npmjs.org/data-uri-to-buffer set size:48018 disposed:false
54 silly fetch manifest fs-minipass@^2.0.0
55 silly packumentCache full:https://registry.npmjs.org/fs-minipass cache-miss
56 http fetch GET 200 https://registry.npmjs.org/formdata-polyfill 187ms (cache revalidated)
57 silly packumentCache full:https://registry.npmjs.org/formdata-polyfill set size:94446 disposed:false
58 http fetch GET 200 https://registry.npmjs.org/minizlib 140ms (cache revalidated)
59 silly packumentCache full:https://registry.npmjs.org/minizlib set size:62862 disposed:false
60 http fetch GET 200 https://registry.npmjs.org/fs-minipass 130ms (cache revalidated)
61 silly packumentCache full:https://registry.npmjs.org/fs-minipass set size:44606 disposed:false
62 http fetch GET 200 https://registry.npmjs.org/mkdirp 318ms (cache revalidated)
63 silly packumentCache full:https://registry.npmjs.org/mkdirp set size:116431 disposed:false
64 http fetch GET 200 https://registry.npmjs.org/chownr 349ms (cache revalidated)
65 silly packumentCache full:https://registry.npmjs.org/chownr set size:22157 disposed:false
66 http fetch GET 200 https://registry.npmjs.org/yallist 367ms (cache revalidated)
67 silly packumentCache full:https://registry.npmjs.org/yallist set size:34610 disposed:false
68 http fetch GET 200 https://registry.npmjs.org/minipass 372ms (cache revalidated)
69 silly packumentCache full:https://registry.npmjs.org/minipass set size:276925 disposed:false
70 silly placeDep node_modules/@railway/cli data-uri-to-buffer@4.0.1 OK for: node-fetch@3.3.2 want: ^4.0.0
71 silly placeDep node_modules/@railway/cli fetch-blob@3.2.0 OK for: node-fetch@3.3.2 want: ^3.1.4
72 silly placeDep node_modules/@railway/cli formdata-polyfill@4.0.10 OK for: node-fetch@3.3.2 want: ^4.0.10
73 silly fetch manifest node-domexception@^1.0.0
74 silly packumentCache full:https://registry.npmjs.org/node-domexception cache-miss
75 silly fetch manifest web-streams-polyfill@^3.0.3
76 silly packumentCache full:https://registry.npmjs.org/web-streams-polyfill cache-miss
77 http fetch GET 200 https://registry.npmjs.org/node-domexception 106ms (cache revalidated)
78 silly packumentCache full:https://registry.npmjs.org/node-domexception set size:11516 disposed:false
79 http fetch GET 200 https://registry.npmjs.org/web-streams-polyfill 113ms (cache revalidated)
80 silly packumentCache full:https://registry.npmjs.org/web-streams-polyfill set size:140806 disposed:false
81 silly placeDep node_modules/@railway/cli node-domexception@1.0.0 OK for: fetch-blob@3.2.0 want: ^1.0.0
82 silly placeDep node_modules/@railway/cli web-streams-polyfill@3.3.3 OK for: fetch-blob@3.2.0 want: ^3.0.3
83 silly placeDep node_modules/@railway/cli chownr@2.0.0 OK for: tar@6.2.1 want: ^2.0.0
84 silly placeDep node_modules/@railway/cli fs-minipass@2.1.0 OK for: tar@6.2.1 want: ^2.0.0
85 silly placeDep node_modules/@railway/cli minipass@5.0.0 OK for: tar@6.2.1 want: ^5.0.0
86 silly placeDep node_modules/@railway/cli minizlib@2.1.2 OK for: tar@6.2.1 want: ^2.1.1
87 silly placeDep node_modules/@railway/cli mkdirp@1.0.4 OK for: tar@6.2.1 want: ^1.0.3
88 silly placeDep node_modules/@railway/cli yallist@4.0.0 OK for: tar@6.2.1 want: ^4.0.0
89 silly fetch manifest minipass@^3.0.0
90 silly packumentCache full:https://registry.npmjs.org/minipass cache-hit
91 silly fetch manifest minipass@^3.0.0
92 silly packumentCache full:https://registry.npmjs.org/minipass cache-hit
93 silly placeDep node_modules/@railway/cli/node_modules/fs-minipass minipass@3.3.6 OK for: fs-minipass@2.1.0 want: ^3.0.0
94 silly placeDep node_modules/@railway/cli/node_modules/minizlib minipass@3.3.6 OK for: minizlib@2.1.2 want: ^3.0.0
95 silly reify moves {}
96 http cache @railway/cli@https://registry.npmjs.org/@railway/cli/-/cli-5.25.1.tgz 0ms (cache hit)
97 http cache mkdirp@https://registry.npmjs.org/mkdirp/-/mkdirp-1.0.4.tgz 0ms (cache hit)
98 http cache minizlib@https://registry.npmjs.org/minizlib/-/minizlib-2.1.2.tgz 0ms (cache hit)
99 http cache minipass@https://registry.npmjs.org/minipass/-/minipass-3.3.6.tgz 1ms (cache hit)
100 http cache minipass@https://registry.npmjs.org/minipass/-/minipass-5.0.0.tgz 0ms (cache hit)
101 http cache fs-minipass@https://registry.npmjs.org/fs-minipass/-/fs-minipass-2.1.0.tgz 0ms (cache hit)
102 http cache minipass@https://registry.npmjs.org/minipass/-/minipass-3.3.6.tgz 0ms (cache hit)
103 http cache chownr@https://registry.npmjs.org/chownr/-/chownr-2.0.0.tgz 0ms (cache hit)
104 http cache yallist@https://registry.npmjs.org/yallist/-/yallist-4.0.0.tgz 1ms (cache hit)
105 http cache web-streams-polyfill@https://registry.npmjs.org/web-streams-polyfill/-/web-streams-polyfill-3.3.3.tgz 0ms (cache hit)
106 http cache node-domexception@https://registry.npmjs.org/node-domexception/-/node-domexception-1.0.0.tgz 0ms (cache hit)
107 http cache data-uri-to-buffer@https://registry.npmjs.org/data-uri-to-buffer/-/data-uri-to-buffer-4.0.1.tgz 0ms (cache hit)
108 http cache fetch-blob@https://registry.npmjs.org/fetch-blob/-/fetch-blob-3.2.0.tgz 0ms (cache hit)
109 http cache formdata-polyfill@https://registry.npmjs.org/formdata-polyfill/-/formdata-polyfill-4.0.10.tgz 1ms (cache hit)
110 http cache tar@https://registry.npmjs.org/tar/-/tar-6.2.1.tgz 0ms (cache hit)
111 http cache node-fetch@https://registry.npmjs.org/node-fetch/-/node-fetch-3.3.2.tgz 0ms (cache hit)
112 http cache @napi-rs/triples@https://registry.npmjs.org/@napi-rs/triples/-/triples-1.2.0.tgz 0ms (cache hit)
113 silly tarball no local data for @railway/cli@https://registry.npmjs.org/@railway/cli/-/cli-5.25.1.tgz. Extracting by manifest.
114 http fetch GET 200 https://registry.npmjs.org/@railway/cli/-/cli-5.25.1.tgz 329ms (cache miss)
115 warn deprecated tar@6.2.1: Old versions of tar are not supported, and contain widely publicized security vulnerabilities, which have been fixed in the current version. Please update. Support for old versions may be purchased (at exorbitant rates) by contacting i@izs.me
116 warn deprecated node-domexception@1.0.0: Use your platform's native DOMException instead
117 info run @railway/cli@5.25.1 postinstall node_modules/@railway/cli node ./npm-install/postinstall.js
118 info run @railway/cli@5.25.1 postinstall { code: 1, signal: null }
119 verbose stack Error: command failed
119 verbose stack     at promiseSpawn (/data/data/com.termux/files/usr/lib/node_modules/npm/node_modules/@npmcli/promise-spawn/lib/index.js:22:22)
119 verbose stack     at spawnWithShell (/data/data/com.termux/files/usr/lib/node_modules/npm/node_modules/@npmcli/promise-spawn/lib/index.js:124:10)
119 verbose stack     at promiseSpawn (/data/data/com.termux/files/usr/lib/node_modules/npm/node_modules/@npmcli/promise-spawn/lib/index.js:12:12)
119 verbose stack     at runScriptPkg (/data/data/com.termux/files/usr/lib/node_modules/npm/node_modules/@npmcli/run-script/lib/run-script-pkg.js:79:13)
119 verbose stack     at runScript (/data/data/com.termux/files/usr/lib/node_modules/npm/node_modules/@npmcli/run-script/lib/run-script.js:9:12)
119 verbose stack     at /data/data/com.termux/files/usr/lib/node_modules/npm/node_modules/@npmcli/arborist/lib/arborist/rebuild.js:341:17
119 verbose stack     at run (/data/data/com.termux/files/usr/lib/node_modules/npm/node_modules/promise-call-limit/dist/commonjs/index.js:67:22)
119 verbose stack     at /data/data/com.termux/files/usr/lib/node_modules/npm/node_modules/promise-call-limit/dist/commonjs/index.js:84:9
119 verbose stack     at new Promise (<anonymous>)
119 verbose stack     at callLimit (/data/data/com.termux/files/usr/lib/node_modules/npm/node_modules/promise-call-limit/dist/commonjs/index.js:35:69)
120 verbose pkgid @railway/cli@5.25.1
121 error code 1
122 error path /data/data/com.termux/files/usr/lib/node_modules/@railway/cli
123 error command failed
124 error command sh -c node ./npm-install/postinstall.js
125 silly unfinished npm timer reify 1783518190619
126 silly unfinished npm timer reify:build 1783518193664
127 silly unfinished npm timer build 1783518193666
128 silly unfinished npm timer build:deps 1783518193667
129 silly unfinished npm timer build:run:postinstall 1783518193691
130 silly unfinished npm timer build:run:postinstall:node_modules/@railway/cli 1783518193692
131 verbose cwd /data/data/com.termux/files/home/Maestro_trading
132 verbose os Linux 4.14.186-27270957
133 verbose node v26.3.0
134 verbose npm  v11.17.0
135 verbose exit 1
136 verbose code 1
137 error A complete log of this run can be found in: /data/data/com.termux/files/home/.npm/_logs/2026-07-08T13_43_07_849Z-debug-0.log
