0 verbose cli /data/data/com.termux/files/usr/bin/node /data/data/com.termux/files/usr/bin/npm
1 info using npm@11.17.0
2 info using node@v26.3.0
3 silly config load:file:/data/data/com.termux/files/usr/lib/node_modules/npm/npmrc
4 silly config load:file:/data/data/com.termux/files/home/.npmrc
5 silly config load:file:/data/data/com.termux/files/usr/etc/npmrc
6 verbose title npm install @railway/cli
7 verbose argv "install" "--global" "@railway/cli"
8 verbose logfile logs-max:10 dir:/data/data/com.termux/files/home/.npm/_logs/2026-07-03T12_07_58_940Z-
9 verbose logfile /data/data/com.termux/files/home/.npm/_logs/2026-07-03T12_07_58_940Z-debug-0.log
10 silly packumentCache heap:1074528256 maxSize:268632064 maxEntrySize:134316032
11 silly logfile start cleaning logs, removing 1 files
12 silly logfile done cleaning log files
13 silly idealTree buildDeps
14 silly fetch manifest @railway/cli@*
15 silly packumentCache full:https://registry.npmjs.org/@railway%2fcli cache-miss
16 http fetch GET 200 https://registry.npmjs.org/npm 715ms
17 http fetch GET 200 https://registry.npmjs.org/@railway%2fcli 999ms (cache miss)
18 silly packumentCache full:https://registry.npmjs.org/@railway%2fcli set size:undefined disposed:false
19 silly placeDep ROOT @railway/cli@5.23.3 OK for:  want: *
20 silly fetch manifest @napi-rs/triples@^1.1.0
21 silly packumentCache full:https://registry.npmjs.org/@napi-rs%2ftriples cache-miss
22 silly fetch manifest node-fetch@^3.1.0
23 silly packumentCache full:https://registry.npmjs.org/node-fetch cache-miss
24 silly fetch manifest tar@^6.1.11
25 silly packumentCache full:https://registry.npmjs.org/tar cache-miss
26 http fetch GET 200 https://registry.npmjs.org/@napi-rs%2ftriples 376ms (cache miss)
27 silly packumentCache full:https://registry.npmjs.org/@napi-rs%2ftriples set size:undefined disposed:false
28 http fetch GET 200 https://registry.npmjs.org/tar 431ms (cache updated)
29 silly packumentCache full:https://registry.npmjs.org/tar set size:undefined disposed:false
30 http fetch GET 200 https://registry.npmjs.org/node-fetch 479ms (cache revalidated)
31 silly packumentCache full:https://registry.npmjs.org/node-fetch set size:896010 disposed:false
32 silly placeDep node_modules/@railway/cli @napi-rs/triples@1.2.0 OK for: @railway/cli@5.23.3 want: ^1.1.0
33 silly placeDep node_modules/@railway/cli node-fetch@3.3.2 OK for: @railway/cli@5.23.3 want: ^3.1.0
34 silly placeDep node_modules/@railway/cli tar@6.2.1 OK for: @railway/cli@5.23.3 want: ^6.1.11
35 silly fetch manifest data-uri-to-buffer@^4.0.0
36 silly packumentCache full:https://registry.npmjs.org/data-uri-to-buffer cache-miss
37 silly fetch manifest fetch-blob@^3.1.4
38 silly packumentCache full:https://registry.npmjs.org/fetch-blob cache-miss
39 silly fetch manifest formdata-polyfill@^4.0.10
40 silly packumentCache full:https://registry.npmjs.org/formdata-polyfill cache-miss
41 silly fetch manifest chownr@^2.0.0
42 silly packumentCache full:https://registry.npmjs.org/chownr cache-miss
43 silly fetch manifest mkdirp@^1.0.3
44 silly packumentCache full:https://registry.npmjs.org/mkdirp cache-miss
45 silly fetch manifest yallist@^4.0.0
46 silly packumentCache full:https://registry.npmjs.org/yallist cache-miss
47 silly fetch manifest minipass@^5.0.0
48 silly packumentCache full:https://registry.npmjs.org/minipass cache-miss
49 http fetch GET 200 https://registry.npmjs.org/formdata-polyfill 240ms (cache miss)
50 silly packumentCache full:https://registry.npmjs.org/formdata-polyfill set size:undefined disposed:false
51 silly fetch manifest minizlib@^2.1.1
52 silly packumentCache full:https://registry.npmjs.org/minizlib cache-miss
53 http fetch GET 200 https://registry.npmjs.org/data-uri-to-buffer 270ms (cache miss)
54 silly packumentCache full:https://registry.npmjs.org/data-uri-to-buffer set size:undefined disposed:false
55 silly fetch manifest fs-minipass@^2.0.0
56 silly packumentCache full:https://registry.npmjs.org/fs-minipass cache-miss
57 http fetch GET 200 https://registry.npmjs.org/mkdirp 279ms (cache updated)
58 silly packumentCache full:https://registry.npmjs.org/mkdirp set size:undefined disposed:false
59 http fetch GET 200 https://registry.npmjs.org/minizlib 130ms (cache revalidated)
60 silly packumentCache full:https://registry.npmjs.org/minizlib set size:62862 disposed:false
61 http fetch GET 200 https://registry.npmjs.org/fs-minipass 146ms (cache revalidated)
62 silly packumentCache full:https://registry.npmjs.org/fs-minipass set size:44606 disposed:false
63 http fetch GET 200 https://registry.npmjs.org/chownr 550ms (cache revalidated)
64 silly packumentCache full:https://registry.npmjs.org/chownr set size:22157 disposed:false
65 http fetch GET 200 https://registry.npmjs.org/yallist 558ms (cache revalidated)
66 silly packumentCache full:https://registry.npmjs.org/yallist set size:34610 disposed:false
67 http fetch GET 200 https://registry.npmjs.org/fetch-blob 605ms (cache miss)
68 silly packumentCache full:https://registry.npmjs.org/fetch-blob set size:undefined disposed:false
69 http fetch GET 200 https://registry.npmjs.org/minipass 656ms (cache updated)
70 silly packumentCache full:https://registry.npmjs.org/minipass set size:undefined disposed:false
71 silly placeDep node_modules/@railway/cli data-uri-to-buffer@4.0.1 OK for: node-fetch@3.3.2 want: ^4.0.0
72 silly placeDep node_modules/@railway/cli fetch-blob@3.2.0 OK for: node-fetch@3.3.2 want: ^3.1.4
73 silly placeDep node_modules/@railway/cli formdata-polyfill@4.0.10 OK for: node-fetch@3.3.2 want: ^4.0.10
74 silly fetch manifest node-domexception@^1.0.0
75 silly packumentCache full:https://registry.npmjs.org/node-domexception cache-miss
76 silly fetch manifest web-streams-polyfill@^3.0.3
77 silly packumentCache full:https://registry.npmjs.org/web-streams-polyfill cache-miss
78 http fetch GET 200 https://registry.npmjs.org/node-domexception 158ms (cache miss)
79 silly packumentCache full:https://registry.npmjs.org/node-domexception set size:undefined disposed:false
80 http fetch GET 200 https://registry.npmjs.org/web-streams-polyfill 197ms (cache miss)
81 silly packumentCache full:https://registry.npmjs.org/web-streams-polyfill set size:undefined disposed:false
82 silly placeDep node_modules/@railway/cli node-domexception@1.0.0 OK for: fetch-blob@3.2.0 want: ^1.0.0
83 silly placeDep node_modules/@railway/cli web-streams-polyfill@3.3.3 OK for: fetch-blob@3.2.0 want: ^3.0.3
84 silly placeDep node_modules/@railway/cli chownr@2.0.0 OK for: tar@6.2.1 want: ^2.0.0
85 silly placeDep node_modules/@railway/cli fs-minipass@2.1.0 OK for: tar@6.2.1 want: ^2.0.0
86 silly placeDep node_modules/@railway/cli minipass@5.0.0 OK for: tar@6.2.1 want: ^5.0.0
87 silly placeDep node_modules/@railway/cli minizlib@2.1.2 OK for: tar@6.2.1 want: ^2.1.1
88 silly placeDep node_modules/@railway/cli mkdirp@1.0.4 OK for: tar@6.2.1 want: ^1.0.3
89 silly placeDep node_modules/@railway/cli yallist@4.0.0 OK for: tar@6.2.1 want: ^4.0.0
90 silly fetch manifest minipass@^3.0.0
91 silly packumentCache full:https://registry.npmjs.org/minipass cache-miss
92 silly fetch manifest minipass@^3.0.0
93 silly packumentCache full:https://registry.npmjs.org/minipass cache-miss
94 http cache https://registry.npmjs.org/minipass 26ms (cache hit)
95 silly packumentCache full:https://registry.npmjs.org/minipass set size:276925 disposed:false
96 http cache https://registry.npmjs.org/minipass 40ms (cache hit)
97 silly packumentCache full:https://registry.npmjs.org/minipass set size:276925 disposed:false
98 silly packumentCache full:https://registry.npmjs.org/minipass dispose
99 silly placeDep node_modules/@railway/cli/node_modules/fs-minipass minipass@3.3.6 OK for: fs-minipass@2.1.0 want: ^3.0.0
100 silly placeDep node_modules/@railway/cli/node_modules/minizlib minipass@3.3.6 OK for: minizlib@2.1.2 want: ^3.0.0
101 silly reify moves {}
102 http cache yallist@https://registry.npmjs.org/yallist/-/yallist-4.0.0.tgz 0ms (cache hit)
103 http cache @railway/cli@https://registry.npmjs.org/@railway/cli/-/cli-5.23.3.tgz 0ms (cache hit)
104 http cache minipass@https://registry.npmjs.org/minipass/-/minipass-3.3.6.tgz 0ms (cache hit)
105 http cache minipass@https://registry.npmjs.org/minipass/-/minipass-5.0.0.tgz 0ms (cache hit)
106 http cache fs-minipass@https://registry.npmjs.org/fs-minipass/-/fs-minipass-2.1.0.tgz 1ms (cache hit)
107 http cache minipass@https://registry.npmjs.org/minipass/-/minipass-3.3.6.tgz 0ms (cache hit)
108 http cache web-streams-polyfill@https://registry.npmjs.org/web-streams-polyfill/-/web-streams-polyfill-3.3.3.tgz 0ms (cache hit)
109 http cache chownr@https://registry.npmjs.org/chownr/-/chownr-2.0.0.tgz 0ms (cache hit)
110 http cache node-domexception@https://registry.npmjs.org/node-domexception/-/node-domexception-1.0.0.tgz 0ms (cache hit)
111 http cache fetch-blob@https://registry.npmjs.org/fetch-blob/-/fetch-blob-3.2.0.tgz 0ms (cache hit)
112 http cache mkdirp@https://registry.npmjs.org/mkdirp/-/mkdirp-1.0.4.tgz 0ms (cache hit)
113 http cache formdata-polyfill@https://registry.npmjs.org/formdata-polyfill/-/formdata-polyfill-4.0.10.tgz 0ms (cache hit)
114 http cache data-uri-to-buffer@https://registry.npmjs.org/data-uri-to-buffer/-/data-uri-to-buffer-4.0.1.tgz 1ms (cache hit)
115 http cache tar@https://registry.npmjs.org/tar/-/tar-6.2.1.tgz 0ms (cache hit)
116 http cache node-fetch@https://registry.npmjs.org/node-fetch/-/node-fetch-3.3.2.tgz 0ms (cache hit)
117 http cache @napi-rs/triples@https://registry.npmjs.org/@napi-rs/triples/-/triples-1.2.0.tgz 0ms (cache hit)
118 http cache minizlib@https://registry.npmjs.org/minizlib/-/minizlib-2.1.2.tgz 1ms (cache hit)
119 silly tarball no local data for @railway/cli@https://registry.npmjs.org/@railway/cli/-/cli-5.23.3.tgz. Extracting by manifest.
120 silly tarball no local data for @napi-rs/triples@https://registry.npmjs.org/@napi-rs/triples/-/triples-1.2.0.tgz. Extracting by manifest.
121 http fetch GET 200 https://registry.npmjs.org/@railway/cli/-/cli-5.23.3.tgz 385ms (cache miss)
122 http fetch GET 200 https://registry.npmjs.org/@napi-rs/triples/-/triples-1.2.0.tgz 381ms (cache miss)
123 warn deprecated tar@6.2.1: Old versions of tar are not supported, and contain widely publicized security vulnerabilities, which have been fixed in the current version. Please update. Support for old versions may be purchased (at exorbitant rates) by contacting i@izs.me
124 warn deprecated node-domexception@1.0.0: Use your platform's native DOMException instead
125 info run @railway/cli@5.23.3 postinstall node_modules/@railway/cli node ./npm-install/postinstall.js
126 info run @railway/cli@5.23.3 postinstall { code: 1, signal: null }
127 verbose stack Error: command failed
127 verbose stack     at promiseSpawn (/data/data/com.termux/files/usr/lib/node_modules/npm/node_modules/@npmcli/promise-spawn/lib/index.js:22:22)
127 verbose stack     at spawnWithShell (/data/data/com.termux/files/usr/lib/node_modules/npm/node_modules/@npmcli/promise-spawn/lib/index.js:124:10)
127 verbose stack     at promiseSpawn (/data/data/com.termux/files/usr/lib/node_modules/npm/node_modules/@npmcli/promise-spawn/lib/index.js:12:12)
127 verbose stack     at runScriptPkg (/data/data/com.termux/files/usr/lib/node_modules/npm/node_modules/@npmcli/run-script/lib/run-script-pkg.js:79:13)
127 verbose stack     at runScript (/data/data/com.termux/files/usr/lib/node_modules/npm/node_modules/@npmcli/run-script/lib/run-script.js:9:12)
127 verbose stack     at /data/data/com.termux/files/usr/lib/node_modules/npm/node_modules/@npmcli/arborist/lib/arborist/rebuild.js:341:17
127 verbose stack     at run (/data/data/com.termux/files/usr/lib/node_modules/npm/node_modules/promise-call-limit/dist/commonjs/index.js:67:22)
127 verbose stack     at /data/data/com.termux/files/usr/lib/node_modules/npm/node_modules/promise-call-limit/dist/commonjs/index.js:84:9
127 verbose stack     at new Promise (<anonymous>)
127 verbose stack     at callLimit (/data/data/com.termux/files/usr/lib/node_modules/npm/node_modules/promise-call-limit/dist/commonjs/index.js:35:69)
128 verbose pkgid @railway/cli@5.23.3
129 error code 1
130 error path /data/data/com.termux/files/usr/lib/node_modules/@railway/cli
131 error command failed
132 error command sh -c node ./npm-install/postinstall.js
133 silly unfinished npm timer reify 1783080481900
134 silly unfinished npm timer reify:build 1783080485704
135 silly unfinished npm timer build 1783080485707
136 silly unfinished npm timer build:deps 1783080485708
137 silly unfinished npm timer build:run:postinstall 1783080485752
138 silly unfinished npm timer build:run:postinstall:node_modules/@railway/cli 1783080485754
139 verbose cwd /data/data/com.termux/files/home
140 verbose os Linux 4.14.186-27270957
141 verbose node v26.3.0
142 verbose npm  v11.17.0
143 notice
143 notice New [33mminor[39m version of npm available! [33m11.17.0[39m -> [34m11.18.0[39m
143 notice Changelog: [34mhttps://github.com/npm/cli/releases/tag/v11.18.0[39m
143 notice To update run: [4mnpm install -g npm@11.18.0[24m
143 notice  { force: true, Symbol(proc-log.meta): true }
144 verbose exit 1
145 verbose code 1
146 error A complete log of this run can be found in: /data/data/com.termux/files/home/.npm/_logs/2026-07-03T12_07_58_940Z-debug-0.log
